// Jest Snapshot v1, https://goo.gl/fbAQLP

exports[`DataFilterView renders correctly 1`] = `
<div
  className="sc-AxjAm bDujyt"
>
  <select
    className="sc-AxirZ iEPwaG"
    onChange={[Function]}
    value={0}
  >
    <option
      className="sc-AxiKw kgEfKZ"
      value={0}
    >
      Desde o início
    </option>
    <option
      className="sc-AxiKw kgEfKZ"
      value={1}
    >
      Último mês
    </option>
    <option
      className="sc-AxiKw kgEfKZ"
      value={2}
    >
      3 meses
    </option>
    <option
      className="sc-AxiKw kgEfKZ"
      value={3}
    >
      1 ano
    </option>
    <option
      className="sc-AxiKw kgEfKZ"
      value={4}
    >
      2 ano
    </option>
  </select>
</div>
`;
